// Jest Snapshot v1, https://goo.gl/fbAQLP

exports[`The Question Detail component The display element should not regress 1`] = `[Function]`;
